---
source: crates/scrap_parser/tests/snapshots.rs
expression: "$crate :: strip_salsa_ids(& format! (\"{:#?}\", parse(db, source)))"
---
Can(
    Can {
        id: NodeId {
            id: 0,
            file_hash: 16101345102062212073,
        },
        name: ModuleId {
            path: PathKey {
                path: Path {
                    span: Span {
                        start: 0,
                        end: 4,
                    },
                    segments: [
                        PathSegment {
                            ident: Ident {
                                id: NodeId {
                                    id: -2,
                                    file_hash: 0,
                                },
                                name: Symbol {
                                    text: "test",
                                },
                                span: Span {
                                    start: 0,
                                    end: 4,
                                },
                            },
                            id: NodeId {
                                id: -2,
                                file_hash: 0,
                            },
                        },
                    ],
                },
            },
        },
        items: [
            Item {
                kind: Fn(
                    FnDef {
                        id: NodeId {
                            id: 22,
                            file_hash: 16101345102062212073,
                        },
                        ident: Ident {
                            id: NodeId {
                                id: 1,
                                file_hash: 16101345102062212073,
                            },
                            name: Symbol {
                                text: "test",
                            },
                            span: Span {
                                start: 3,
                                end: 7,
                            },
                        },
                        args: [],
                        ret_type: Some(
                            Ty {
                                id: NodeId {
                                    id: 3,
                                    file_hash: 16101345102062212073,
                                },
                                kind: Path(
                                    Path {
                                        span: Span {
                                            start: 13,
                                            end: 16,
                                        },
                                        segments: [
                                            PathSegment {
                                                ident: Ident {
                                                    id: NodeId {
                                                        id: 2,
                                                        file_hash: 16101345102062212073,
                                                    },
                                                    name: Symbol {
                                                        text: "int",
                                                    },
                                                    span: Span {
                                                        start: 13,
                                                        end: 16,
                                                    },
                                                },
                                                id: NodeId {
                                                    id: 2,
                                                    file_hash: 16101345102062212073,
                                                },
                                            },
                                        ],
                                    },
                                ),
                                span: Span {
                                    start: 13,
                                    end: 16,
                                },
                            },
                        ),
                        body: Block {
                            stmts: [
                                Stmt {
                                    id: NodeId {
                                        id: 20,
                                        file_hash: 16101345102062212073,
                                    },
                                    kind: Expr(
                                        Expr {
                                            id: NodeId {
                                                id: 19,
                                                file_hash: 16101345102062212073,
                                            },
                                            kind: If(
                                                Expr {
                                                    id: NodeId {
                                                        id: 9,
                                                        file_hash: 16101345102062212073,
                                                    },
                                                    kind: Binary(
                                                        Spanned {
                                                            node: Gt,
                                                            span: Span {
                                                                start: 28,
                                                                end: 29,
                                                            },
                                                        },
                                                        Expr {
                                                            id: NodeId {
                                                                id: 6,
                                                                file_hash: 16101345102062212073,
                                                            },
                                                            kind: Path(
                                                                Path {
                                                                    span: Span {
                                                                        start: 26,
                                                                        end: 27,
                                                                    },
                                                                    segments: [
                                                                        PathSegment {
                                                                            ident: Ident {
                                                                                id: NodeId {
                                                                                    id: 4,
                                                                                    file_hash: 16101345102062212073,
                                                                                },
                                                                                name: Symbol {
                                                                                    text: "x",
                                                                                },
                                                                                span: Span {
                                                                                    start: 26,
                                                                                    end: 27,
                                                                                },
                                                                            },
                                                                            id: NodeId {
                                                                                id: 5,
                                                                                file_hash: 16101345102062212073,
                                                                            },
                                                                        },
                                                                    ],
                                                                },
                                                            ),
                                                            span: Span {
                                                                start: 26,
                                                                end: 29,
                                                            },
                                                        },
                                                        Expr {
                                                            id: NodeId {
                                                                id: 8,
                                                                file_hash: 16101345102062212073,
                                                            },
                                                            kind: Lit(
                                                                Lit {
                                                                    id: NodeId {
                                                                        id: 7,
                                                                        file_hash: 16101345102062212073,
                                                                    },
                                                                    kind: Integer,
                                                                    span: Span {
                                                                        start: 30,
                                                                        end: 32,
                                                                    },
                                                                },
                                                            ),
                                                            span: Span {
                                                                start: 30,
                                                                end: 34,
                                                            },
                                                        },
                                                    ),
                                                    span: Span {
                                                        start: 26,
                                                        end: 34,
                                                    },
                                                },
                                                Block {
                                                    stmts: [
                                                        Stmt {
                                                            id: NodeId {
                                                                id: 12,
                                                                file_hash: 16101345102062212073,
                                                            },
                                                            kind: Expr(
                                                                Expr {
                                                                    id: NodeId {
                                                                        id: 11,
                                                                        file_hash: 16101345102062212073,
                                                                    },
                                                                    kind: Lit(
                                                                        Lit {
                                                                            id: NodeId {
                                                                                id: 10,
                                                                                file_hash: 16101345102062212073,
                                                                            },
                                                                            kind: Integer,
                                                                            span: Span {
                                                                                start: 43,
                                                                                end: 45,
                                                                            },
                                                                        },
                                                                    ),
                                                                    span: Span {
                                                                        start: 43,
                                                                        end: 51,
                                                                    },
                                                                },
                                                            ),
                                                            span: Span {
                                                                start: 43,
                                                                end: 51,
                                                            },
                                                        },
                                                    ],
                                                    id: NodeId {
                                                        id: 13,
                                                        file_hash: 16101345102062212073,
                                                    },
                                                    span: Span {
                                                        start: 33,
                                                        end: 51,
                                                    },
                                                },
                                                Some(
                                                    Expr {
                                                        id: NodeId {
                                                            id: 18,
                                                            file_hash: 16101345102062212073,
                                                        },
                                                        kind: Block(
                                                            Block {
                                                                stmts: [
                                                                    Stmt {
                                                                        id: NodeId {
                                                                            id: 16,
                                                                            file_hash: 16101345102062212073,
                                                                        },
                                                                        kind: Expr(
                                                                            Expr {
                                                                                id: NodeId {
                                                                                    id: 15,
                                                                                    file_hash: 16101345102062212073,
                                                                                },
                                                                                kind: Lit(
                                                                                    Lit {
                                                                                        id: NodeId {
                                                                                            id: 14,
                                                                                            file_hash: 16101345102062212073,
                                                                                        },
                                                                                        kind: Integer,
                                                                                        span: Span {
                                                                                            start: 67,
                                                                                            end: 68,
                                                                                        },
                                                                                    },
                                                                                ),
                                                                                span: Span {
                                                                                    start: 67,
                                                                                    end: 74,
                                                                                },
                                                                            },
                                                                        ),
                                                                        span: Span {
                                                                            start: 67,
                                                                            end: 74,
                                                                        },
                                                                    },
                                                                ],
                                                                id: NodeId {
                                                                    id: 17,
                                                                    file_hash: 16101345102062212073,
                                                                },
                                                                span: Span {
                                                                    start: 57,
                                                                    end: 74,
                                                                },
                                                            },
                                                        ),
                                                        span: Span {
                                                            start: 57,
                                                            end: 76,
                                                        },
                                                    },
                                                ),
                                            ),
                                            span: Span {
                                                start: 23,
                                                end: 76,
                                            },
                                        },
                                    ),
                                    span: Span {
                                        start: 23,
                                        end: 76,
                                    },
                                },
                            ],
                            id: NodeId {
                                id: 21,
                                file_hash: 16101345102062212073,
                            },
                            span: Span {
                                start: 17,
                                end: 76,
                            },
                        },
                        span: Span {
                            start: 0,
                            end: 76,
                        },
                    },
                ),
                span: Span {
                    start: 0,
                    end: 76,
                },
                id: NodeId {
                    id: 23,
                    file_hash: 16101345102062212073,
                },
                vis: Visibility {
                    kind: Inherited,
                    span: Span {
                        start: 0,
                        end: 2,
                    },
                },
            },
        ],
    },
)
