---
source: crates/scrap_lexer/src/lib.rs
expression: tokens
---
[
    Fn,
    Ident(
        "foo",
    ),
    LParen,
    Ident(
        "a",
    ),
    Colon,
    Ident(
        "f64",
    ),
    Comma,
    Ident(
        "b",
    ),
    Colon,
    Ident(
        "f64",
    ),
    RParen,
    Arrow,
    Ident(
        "f64",
    ),
    LBrace,
    Let,
    Ident(
        "c",
    ),
    Assign,
    If,
    Ident(
        "a",
    ),
    Gt,
    Float(
        1.0,
    ),
    LBrace,
    Ident(
        "a",
    ),
    Plus,
    Ident(
        "b",
    ),
    RBrace,
    Else,
    LBrace,
    Float(
        50.0,
    ),
    RBrace,
    Semicolon,
    Ident(
        "c",
    ),
    Plus,
    Float(
        2.0,
    ),
    RBrace,
    Fn,
    Ident(
        "baz",
    ),
    LParen,
    RParen,
    Arrow,
    Ident(
        "i32",
    ),
    LBrace,
    Int(
        42,
    ),
    RBrace,
    Fn,
    Ident(
        "qux",
    ),
    LParen,
    RParen,
    Arrow,
    Ident(
        "bool",
    ),
    LBrace,
    Bool(
        true,
    ),
    RBrace,
    Fn,
    Ident(
        "foo_no_rt",
    ),
    LParen,
    Ident(
        "a",
    ),
    Colon,
    Ident(
        "f64",
    ),
    Comma,
    Ident(
        "b",
    ),
    Colon,
    Ident(
        "f64",
    ),
    RParen,
    LBrace,
    Let,
    Ident(
        "_c",
    ),
    Assign,
    If,
    Ident(
        "a",
    ),
    Gt,
    Float(
        1.0,
    ),
    LBrace,
    Ident(
        "a",
    ),
    Plus,
    Ident(
        "b",
    ),
    RBrace,
    Else,
    LBrace,
    Float(
        50.0,
    ),
    RBrace,
    Semicolon,
    RBrace,
    Fn,
    Ident(
        "bar",
    ),
    LParen,
    RParen,
    Arrow,
    Ident(
        "String",
    ),
    LBrace,
    Str(
        "\"Hello, \\\\world!\"",
    ),
    RBrace,
    Enum,
    Ident(
        "MyEnum",
    ),
    LBrace,
    Ident(
        "Variant1",
    ),
    Comma,
    Ident(
        "Variant2",
    ),
    LParen,
    Ident(
        "MyStruct",
    ),
    RParen,
    Comma,
    RBrace,
    Struct,
    Ident(
        "MyStruct",
    ),
    LBrace,
    Ident(
        "field1",
    ),
    Colon,
    Ident(
        "i32",
    ),
    Comma,
    Ident(
        "field2",
    ),
    Colon,
    Ident(
        "String",
    ),
    Comma,
    RBrace,
]
