---
source: crates/scrap_lexer/src/lib.rs
expression: tokens
---
[
    Fn,
    Whitespace,
    Ident,
    LParen,
    Ident,
    Colon,
    Whitespace,
    Ident,
    Comma,
    Whitespace,
    Ident,
    Colon,
    Whitespace,
    Ident,
    RParen,
    Whitespace,
    Arrow,
    Whitespace,
    Ident,
    Whitespace,
    LBrace,
    Whitespace,
    Let,
    Whitespace,
    Ident,
    Whitespace,
    Assign,
    Whitespace,
    Ident,
    Semicolon,
    Whitespace,
    Let,
    Whitespace,
    Ident,
    Colon,
    Whitespace,
    Ident,
    Whitespace,
    Assign,
    Whitespace,
    If,
    Whitespace,
    Ident,
    Whitespace,
    Gt,
    Whitespace,
    Float,
    Whitespace,
    LBrace,
    Whitespace,
    Ident,
    Whitespace,
    Add,
    Whitespace,
    Ident,
    Whitespace,
    RBrace,
    Whitespace,
    Else,
    Whitespace,
    LBrace,
    Whitespace,
    Float,
    Whitespace,
    RBrace,
    Semicolon,
    Whitespace,
    Ident,
    Whitespace,
    Add,
    Whitespace,
    Float,
    Whitespace,
    RBrace,
    Whitespace,
    Fn,
    Whitespace,
    Ident,
    LParen,
    RParen,
    Whitespace,
    Arrow,
    Whitespace,
    Ident,
    Whitespace,
    LBrace,
    Whitespace,
    Int,
    Whitespace,
    RBrace,
    Whitespace,
    Fn,
    Whitespace,
    Ident,
    LParen,
    RParen,
    Whitespace,
    Arrow,
    Whitespace,
    Ident,
    Whitespace,
    LBrace,
    Whitespace,
    Bool,
    Whitespace,
    RBrace,
    Whitespace,
    Fn,
    Whitespace,
    Ident,
    LParen,
    Ident,
    Colon,
    Whitespace,
    Ident,
    Comma,
    Whitespace,
    Ident,
    Colon,
    Whitespace,
    Ident,
    RParen,
    Whitespace,
    LBrace,
    Whitespace,
    Let,
    Whitespace,
    Ident,
    Whitespace,
    Assign,
    Whitespace,
    If,
    Whitespace,
    Ident,
    Whitespace,
    Gt,
    Whitespace,
    Float,
    Whitespace,
    LBrace,
    Whitespace,
    Ident,
    Whitespace,
    Add,
    Whitespace,
    Ident,
    Whitespace,
    RBrace,
    Whitespace,
    Else,
    Whitespace,
    LBrace,
    Whitespace,
    Float,
    Whitespace,
    RBrace,
    Semicolon,
    Whitespace,
    RBrace,
    Whitespace,
    Fn,
    Whitespace,
    Ident,
    LParen,
    RParen,
    Whitespace,
    Arrow,
    Whitespace,
    Ident,
    Whitespace,
    LBrace,
    Whitespace,
    Str,
    Whitespace,
    RBrace,
    Whitespace,
    Enum,
    Whitespace,
    Ident,
    Whitespace,
    LBrace,
    Whitespace,
    Ident,
    Comma,
    Whitespace,
    Ident,
    LParen,
    Ident,
    RParen,
    Comma,
    Whitespace,
    RBrace,
    Whitespace,
    Struct,
    Whitespace,
    Ident,
    Whitespace,
    LBrace,
    Whitespace,
    Ident,
    Colon,
    Whitespace,
    Ident,
    Comma,
    Whitespace,
    Ident,
    Colon,
    Whitespace,
    Ident,
    Comma,
    Whitespace,
    RBrace,
    Whitespace,
    Fn,
    Whitespace,
    Ident,
    LParen,
    RParen,
    Whitespace,
    LBrace,
    RBrace,
    Whitespace,
]
